// Jest Snapshot v1, https://goo.gl/fbAQLP

exports[`Book Render the component book 1`] = `
Object {
  "asFragment": [Function],
  "baseElement": <body>
    <div>
      <div
        class="ant-card card-book ant-card-bordered ant-card-type-inner"
      >
        <div
          class="ant-card-body"
        >
          <div
            class="ant-card-meta book-meta-info"
            data-testid="book-meta"
            style="height: 80px;"
          >
            <div
              class="ant-card-meta-detail"
            >
              <div
                class="ant-card-meta-title"
              >
                Learning Web Development with React and Bootstrap
              </div>
              <div
                class="ant-card-meta-description"
              >
                Harmeet Singh, Mehul Bhatt
              </div>
            </div>
          </div>
          <div
            class="container-book-img"
          >
            <img
              alt="Book"
              class="book-img"
              src="http://books.google.com/books/content?id=sJf1vQAACAAJ&printsec=frontcover&img=1&zoom=1&source=gbs_api"
            />
          </div>
          <div
            class="container-rate"
            data-testid="container-rate"
          >
            <ul
              class="ant-rate ant-rate-disabled book-rate"
              role="radiogroup"
              tabindex="-1"
            >
              <li
                class="ant-rate-star ant-rate-star-zero"
              >
                <div
                  aria-checked="false"
                  aria-posinset="1"
                  aria-setsize="5"
                  role="radio"
                  tabindex="0"
                >
                  <div
                    class="ant-rate-star-first"
                  >
                    <i
                      aria-label="icon: star"
                      class="anticon anticon-star"
                    >
                      <svg
                        aria-hidden="true"
                        class=""
                        data-icon="star"
                        fill="currentColor"
                        focusable="false"
                        height="1em"
                        viewBox="64 64 896 896"
                        width="1em"
                      >
                        <path
                          d="M908.1 353.1l-253.9-36.9L540.7 86.1c-3.1-6.3-8.2-11.4-14.5-14.5-15.8-7.8-35-1.3-42.9 14.5L369.8 316.2l-253.9 36.9c-7 1-13.4 4.3-18.3 9.3a32.05 32.05 0 0 0 .6 45.3l183.7 179.1-43.4 252.9a31.95 31.95 0 0 0 46.4 33.7L512 754l227.1 119.4c6.2 3.3 13.4 4.4 20.3 3.2 17.4-3 29.1-19.5 26.1-36.9l-43.4-252.9 183.7-179.1c5-4.9 8.3-11.3 9.3-18.3 2.7-17.5-9.5-33.7-27-36.3z"
                        />
                      </svg>
                    </i>
                  </div>
                  <div
                    class="ant-rate-star-second"
                  >
                    <i
                      aria-label="icon: star"
                      class="anticon anticon-star"
                    >
                      <svg
                        aria-hidden="true"
                        class=""
                        data-icon="star"
                        fill="currentColor"
                        focusable="false"
                        height="1em"
                        viewBox="64 64 896 896"
                        width="1em"
                      >
                        <path
                          d="M908.1 353.1l-253.9-36.9L540.7 86.1c-3.1-6.3-8.2-11.4-14.5-14.5-15.8-7.8-35-1.3-42.9 14.5L369.8 316.2l-253.9 36.9c-7 1-13.4 4.3-18.3 9.3a32.05 32.05 0 0 0 .6 45.3l183.7 179.1-43.4 252.9a31.95 31.95 0 0 0 46.4 33.7L512 754l227.1 119.4c6.2 3.3 13.4 4.4 20.3 3.2 17.4-3 29.1-19.5 26.1-36.9l-43.4-252.9 183.7-179.1c5-4.9 8.3-11.3 9.3-18.3 2.7-17.5-9.5-33.7-27-36.3z"
                        />
                      </svg>
                    </i>
                  </div>
                </div>
              </li>
              <li
                class="ant-rate-star ant-rate-star-zero"
              >
                <div
                  aria-checked="false"
                  aria-posinset="2"
                  aria-setsize="5"
                  role="radio"
                  tabindex="0"
                >
                  <div
                    class="ant-rate-star-first"
                  >
                    <i
                      aria-label="icon: star"
                      class="anticon anticon-star"
                    >
                      <svg
                        aria-hidden="true"
                        class=""
                        data-icon="star"
                        fill="currentColor"
                        focusable="false"
                        height="1em"
                        viewBox="64 64 896 896"
                        width="1em"
                      >
                        <path
                          d="M908.1 353.1l-253.9-36.9L540.7 86.1c-3.1-6.3-8.2-11.4-14.5-14.5-15.8-7.8-35-1.3-42.9 14.5L369.8 316.2l-253.9 36.9c-7 1-13.4 4.3-18.3 9.3a32.05 32.05 0 0 0 .6 45.3l183.7 179.1-43.4 252.9a31.95 31.95 0 0 0 46.4 33.7L512 754l227.1 119.4c6.2 3.3 13.4 4.4 20.3 3.2 17.4-3 29.1-19.5 26.1-36.9l-43.4-252.9 183.7-179.1c5-4.9 8.3-11.3 9.3-18.3 2.7-17.5-9.5-33.7-27-36.3z"
                        />
                      </svg>
                    </i>
                  </div>
                  <div
                    class="ant-rate-star-second"
                  >
                    <i
                      aria-label="icon: star"
                      class="anticon anticon-star"
                    >
                      <svg
                        aria-hidden="true"
                        class=""
                        data-icon="star"
                        fill="currentColor"
                        focusable="false"
                        height="1em"
                        viewBox="64 64 896 896"
                        width="1em"
                      >
                        <path
                          d="M908.1 353.1l-253.9-36.9L540.7 86.1c-3.1-6.3-8.2-11.4-14.5-14.5-15.8-7.8-35-1.3-42.9 14.5L369.8 316.2l-253.9 36.9c-7 1-13.4 4.3-18.3 9.3a32.05 32.05 0 0 0 .6 45.3l183.7 179.1-43.4 252.9a31.95 31.95 0 0 0 46.4 33.7L512 754l227.1 119.4c6.2 3.3 13.4 4.4 20.3 3.2 17.4-3 29.1-19.5 26.1-36.9l-43.4-252.9 183.7-179.1c5-4.9 8.3-11.3 9.3-18.3 2.7-17.5-9.5-33.7-27-36.3z"
                        />
                      </svg>
                    </i>
                  </div>
                </div>
              </li>
              <li
                class="ant-rate-star ant-rate-star-zero"
              >
                <div
                  aria-checked="false"
                  aria-posinset="3"
                  aria-setsize="5"
                  role="radio"
                  tabindex="0"
                >
                  <div
                    class="ant-rate-star-first"
                  >
                    <i
                      aria-label="icon: star"
                      class="anticon anticon-star"
                    >
                      <svg
                        aria-hidden="true"
                        class=""
                        data-icon="star"
                        fill="currentColor"
                        focusable="false"
                        height="1em"
                        viewBox="64 64 896 896"
                        width="1em"
                      >
                        <path
                          d="M908.1 353.1l-253.9-36.9L540.7 86.1c-3.1-6.3-8.2-11.4-14.5-14.5-15.8-7.8-35-1.3-42.9 14.5L369.8 316.2l-253.9 36.9c-7 1-13.4 4.3-18.3 9.3a32.05 32.05 0 0 0 .6 45.3l183.7 179.1-43.4 252.9a31.95 31.95 0 0 0 46.4 33.7L512 754l227.1 119.4c6.2 3.3 13.4 4.4 20.3 3.2 17.4-3 29.1-19.5 26.1-36.9l-43.4-252.9 183.7-179.1c5-4.9 8.3-11.3 9.3-18.3 2.7-17.5-9.5-33.7-27-36.3z"
                        />
                      </svg>
                    </i>
                  </div>
                  <div
                    class="ant-rate-star-second"
                  >
                    <i
                      aria-label="icon: star"
                      class="anticon anticon-star"
                    >
                      <svg
                        aria-hidden="true"
                        class=""
                        data-icon="star"
                        fill="currentColor"
                        focusable="false"
                        height="1em"
                        viewBox="64 64 896 896"
                        width="1em"
                      >
                        <path
                          d="M908.1 353.1l-253.9-36.9L540.7 86.1c-3.1-6.3-8.2-11.4-14.5-14.5-15.8-7.8-35-1.3-42.9 14.5L369.8 316.2l-253.9 36.9c-7 1-13.4 4.3-18.3 9.3a32.05 32.05 0 0 0 .6 45.3l183.7 179.1-43.4 252.9a31.95 31.95 0 0 0 46.4 33.7L512 754l227.1 119.4c6.2 3.3 13.4 4.4 20.3 3.2 17.4-3 29.1-19.5 26.1-36.9l-43.4-252.9 183.7-179.1c5-4.9 8.3-11.3 9.3-18.3 2.7-17.5-9.5-33.7-27-36.3z"
                        />
                      </svg>
                    </i>
                  </div>
                </div>
              </li>
              <li
                class="ant-rate-star ant-rate-star-zero"
              >
                <div
                  aria-checked="false"
                  aria-posinset="4"
                  aria-setsize="5"
                  role="radio"
                  tabindex="0"
                >
                  <div
                    class="ant-rate-star-first"
                  >
                    <i
                      aria-label="icon: star"
                      class="anticon anticon-star"
                    >
                      <svg
                        aria-hidden="true"
                        class=""
                        data-icon="star"
                        fill="currentColor"
                        focusable="false"
                        height="1em"
                        viewBox="64 64 896 896"
                        width="1em"
                      >
                        <path
                          d="M908.1 353.1l-253.9-36.9L540.7 86.1c-3.1-6.3-8.2-11.4-14.5-14.5-15.8-7.8-35-1.3-42.9 14.5L369.8 316.2l-253.9 36.9c-7 1-13.4 4.3-18.3 9.3a32.05 32.05 0 0 0 .6 45.3l183.7 179.1-43.4 252.9a31.95 31.95 0 0 0 46.4 33.7L512 754l227.1 119.4c6.2 3.3 13.4 4.4 20.3 3.2 17.4-3 29.1-19.5 26.1-36.9l-43.4-252.9 183.7-179.1c5-4.9 8.3-11.3 9.3-18.3 2.7-17.5-9.5-33.7-27-36.3z"
                        />
                      </svg>
                    </i>
                  </div>
                  <div
                    class="ant-rate-star-second"
                  >
                    <i
                      aria-label="icon: star"
                      class="anticon anticon-star"
                    >
                      <svg
                        aria-hidden="true"
                        class=""
                        data-icon="star"
                        fill="currentColor"
                        focusable="false"
                        height="1em"
                        viewBox="64 64 896 896"
                        width="1em"
                      >
                        <path
                          d="M908.1 353.1l-253.9-36.9L540.7 86.1c-3.1-6.3-8.2-11.4-14.5-14.5-15.8-7.8-35-1.3-42.9 14.5L369.8 316.2l-253.9 36.9c-7 1-13.4 4.3-18.3 9.3a32.05 32.05 0 0 0 .6 45.3l183.7 179.1-43.4 252.9a31.95 31.95 0 0 0 46.4 33.7L512 754l227.1 119.4c6.2 3.3 13.4 4.4 20.3 3.2 17.4-3 29.1-19.5 26.1-36.9l-43.4-252.9 183.7-179.1c5-4.9 8.3-11.3 9.3-18.3 2.7-17.5-9.5-33.7-27-36.3z"
                        />
                      </svg>
                    </i>
                  </div>
                </div>
              </li>
              <li
                class="ant-rate-star ant-rate-star-zero"
              >
                <div
                  aria-checked="false"
                  aria-posinset="5"
                  aria-setsize="5"
                  role="radio"
                  tabindex="0"
                >
                  <div
                    class="ant-rate-star-first"
                  >
                    <i
                      aria-label="icon: star"
                      class="anticon anticon-star"
                    >
                      <svg
                        aria-hidden="true"
                        class=""
                        data-icon="star"
                        fill="currentColor"
                        focusable="false"
                        height="1em"
                        viewBox="64 64 896 896"
                        width="1em"
                      >
                        <path
                          d="M908.1 353.1l-253.9-36.9L540.7 86.1c-3.1-6.3-8.2-11.4-14.5-14.5-15.8-7.8-35-1.3-42.9 14.5L369.8 316.2l-253.9 36.9c-7 1-13.4 4.3-18.3 9.3a32.05 32.05 0 0 0 .6 45.3l183.7 179.1-43.4 252.9a31.95 31.95 0 0 0 46.4 33.7L512 754l227.1 119.4c6.2 3.3 13.4 4.4 20.3 3.2 17.4-3 29.1-19.5 26.1-36.9l-43.4-252.9 183.7-179.1c5-4.9 8.3-11.3 9.3-18.3 2.7-17.5-9.5-33.7-27-36.3z"
                        />
                      </svg>
                    </i>
                  </div>
                  <div
                    class="ant-rate-star-second"
                  >
                    <i
                      aria-label="icon: star"
                      class="anticon anticon-star"
                    >
                      <svg
                        aria-hidden="true"
                        class=""
                        data-icon="star"
                        fill="currentColor"
                        focusable="false"
                        height="1em"
                        viewBox="64 64 896 896"
                        width="1em"
                      >
                        <path
                          d="M908.1 353.1l-253.9-36.9L540.7 86.1c-3.1-6.3-8.2-11.4-14.5-14.5-15.8-7.8-35-1.3-42.9 14.5L369.8 316.2l-253.9 36.9c-7 1-13.4 4.3-18.3 9.3a32.05 32.05 0 0 0 .6 45.3l183.7 179.1-43.4 252.9a31.95 31.95 0 0 0 46.4 33.7L512 754l227.1 119.4c6.2 3.3 13.4 4.4 20.3 3.2 17.4-3 29.1-19.5 26.1-36.9l-43.4-252.9 183.7-179.1c5-4.9 8.3-11.3 9.3-18.3 2.7-17.5-9.5-33.7-27-36.3z"
                        />
                      </svg>
                    </i>
                  </div>
                </div>
              </li>
            </ul>
          </div>
          <p
            class="book-description"
            data-testid="book-description"
          >
            Build real-time responsive web apps using React and BootstrapAbout This Book* Showcase the power of React-Bootstrap through real-world examples* Explo...
          </p>
          <div
            class="ant-radio-group ant-radio-group-outline ant-radio-group-small book-select"
          >
            <label
              class="ant-radio-button-wrapper ant-radio-button-wrapper-checked"
            >
              <span
                class="ant-radio-button ant-radio-button-checked"
              >
                <input
                  checked=""
                  class="ant-radio-button-input"
                  type="radio"
                  value="currentlyReading"
                />
                <span
                  class="ant-radio-button-inner"
                />
              </span>
              <span>
                Reading
              </span>
            </label>
            <label
              class="ant-radio-button-wrapper"
            >
              <span
                class="ant-radio-button"
              >
                <input
                  class="ant-radio-button-input"
                  type="radio"
                  value="wantToRead"
                />
                <span
                  class="ant-radio-button-inner"
                />
              </span>
              <span>
                Want to read
              </span>
            </label>
            <label
              class="ant-radio-button-wrapper"
            >
              <span
                class="ant-radio-button"
              >
                <input
                  class="ant-radio-button-input"
                  type="radio"
                  value="read"
                />
                <span
                  class="ant-radio-button-inner"
                />
              </span>
              <span>
                Read
              </span>
            </label>
          </div>
        </div>
        <ul
          class="ant-card-actions"
        >
          <li
            style="width: 50%;"
          >
            <span>
              <a
                data-testid="book-info-preview"
                href="http://books.google.com/books?id=sJf1vQAACAAJ&dq=redux+react&hl=&cd=6&source=gbs_api"
                target="_blank"
              >
                <i
                  aria-label="icon: info-circle"
                  class="anticon anticon-info-circle"
                >
                  <svg
                    aria-hidden="true"
                    class=""
                    data-icon="info-circle"
                    fill="currentColor"
                    focusable="false"
                    height="1em"
                    viewBox="64 64 896 896"
                    width="1em"
                  >
                    <path
                      d="M512 64C264.6 64 64 264.6 64 512s200.6 448 448 448 448-200.6 448-448S759.4 64 512 64zm0 820c-205.4 0-372-166.6-372-372s166.6-372 372-372 372 166.6 372 372-166.6 372-372 372z"
                    />
                    <path
                      d="M464 336a48 48 0 1 0 96 0 48 48 0 1 0-96 0zm72 112h-48c-4.4 0-8 3.6-8 8v272c0 4.4 3.6 8 8 8h48c4.4 0 8-3.6 8-8V456c0-4.4-3.6-8-8-8z"
                    />
                  </svg>
                </i>
              </a>
            </span>
          </li>
          <li
            style="width: 50%;"
          >
            <span>
              <i
                aria-label="icon: delete"
                class="anticon anticon-delete"
                data-testid="btn-delete"
                tabindex="-1"
              >
                <svg
                  aria-hidden="true"
                  class=""
                  data-icon="delete"
                  fill="currentColor"
                  focusable="false"
                  height="1em"
                  viewBox="64 64 896 896"
                  width="1em"
                >
                  <path
                    d="M360 184h-8c4.4 0 8-3.6 8-8v8h304v-8c0 4.4 3.6 8 8 8h-8v72h72v-80c0-35.3-28.7-64-64-64H352c-35.3 0-64 28.7-64 64v80h72v-72zm504 72H160c-17.7 0-32 14.3-32 32v32c0 4.4 3.6 8 8 8h60.4l24.7 523c1.6 34.1 29.8 61 63.9 61h454c34.2 0 62.3-26.8 63.9-61l24.7-523H888c4.4 0 8-3.6 8-8v-32c0-17.7-14.3-32-32-32zM731.3 840H292.7l-24.2-512h487l-24.2 512z"
                  />
                </svg>
              </i>
            </span>
          </li>
        </ul>
      </div>
    </div>
  </body>,
  "container": <div>
    <div
      class="ant-card card-book ant-card-bordered ant-card-type-inner"
    >
      <div
        class="ant-card-body"
      >
        <div
          class="ant-card-meta book-meta-info"
          data-testid="book-meta"
          style="height: 80px;"
        >
          <div
            class="ant-card-meta-detail"
          >
            <div
              class="ant-card-meta-title"
            >
              Learning Web Development with React and Bootstrap
            </div>
            <div
              class="ant-card-meta-description"
            >
              Harmeet Singh, Mehul Bhatt
            </div>
          </div>
        </div>
        <div
          class="container-book-img"
        >
          <img
            alt="Book"
            class="book-img"
            src="http://books.google.com/books/content?id=sJf1vQAACAAJ&printsec=frontcover&img=1&zoom=1&source=gbs_api"
          />
        </div>
        <div
          class="container-rate"
          data-testid="container-rate"
        >
          <ul
            class="ant-rate ant-rate-disabled book-rate"
            role="radiogroup"
            tabindex="-1"
          >
            <li
              class="ant-rate-star ant-rate-star-zero"
            >
              <div
                aria-checked="false"
                aria-posinset="1"
                aria-setsize="5"
                role="radio"
                tabindex="0"
              >
                <div
                  class="ant-rate-star-first"
                >
                  <i
                    aria-label="icon: star"
                    class="anticon anticon-star"
                  >
                    <svg
                      aria-hidden="true"
                      class=""
                      data-icon="star"
                      fill="currentColor"
                      focusable="false"
                      height="1em"
                      viewBox="64 64 896 896"
                      width="1em"
                    >
                      <path
                        d="M908.1 353.1l-253.9-36.9L540.7 86.1c-3.1-6.3-8.2-11.4-14.5-14.5-15.8-7.8-35-1.3-42.9 14.5L369.8 316.2l-253.9 36.9c-7 1-13.4 4.3-18.3 9.3a32.05 32.05 0 0 0 .6 45.3l183.7 179.1-43.4 252.9a31.95 31.95 0 0 0 46.4 33.7L512 754l227.1 119.4c6.2 3.3 13.4 4.4 20.3 3.2 17.4-3 29.1-19.5 26.1-36.9l-43.4-252.9 183.7-179.1c5-4.9 8.3-11.3 9.3-18.3 2.7-17.5-9.5-33.7-27-36.3z"
                      />
                    </svg>
                  </i>
                </div>
                <div
                  class="ant-rate-star-second"
                >
                  <i
                    aria-label="icon: star"
                    class="anticon anticon-star"
                  >
                    <svg
                      aria-hidden="true"
                      class=""
                      data-icon="star"
                      fill="currentColor"
                      focusable="false"
                      height="1em"
                      viewBox="64 64 896 896"
                      width="1em"
                    >
                      <path
                        d="M908.1 353.1l-253.9-36.9L540.7 86.1c-3.1-6.3-8.2-11.4-14.5-14.5-15.8-7.8-35-1.3-42.9 14.5L369.8 316.2l-253.9 36.9c-7 1-13.4 4.3-18.3 9.3a32.05 32.05 0 0 0 .6 45.3l183.7 179.1-43.4 252.9a31.95 31.95 0 0 0 46.4 33.7L512 754l227.1 119.4c6.2 3.3 13.4 4.4 20.3 3.2 17.4-3 29.1-19.5 26.1-36.9l-43.4-252.9 183.7-179.1c5-4.9 8.3-11.3 9.3-18.3 2.7-17.5-9.5-33.7-27-36.3z"
                      />
                    </svg>
                  </i>
                </div>
              </div>
            </li>
            <li
              class="ant-rate-star ant-rate-star-zero"
            >
              <div
                aria-checked="false"
                aria-posinset="2"
                aria-setsize="5"
                role="radio"
                tabindex="0"
              >
                <div
                  class="ant-rate-star-first"
                >
                  <i
                    aria-label="icon: star"
                    class="anticon anticon-star"
                  >
                    <svg
                      aria-hidden="true"
                      class=""
                      data-icon="star"
                      fill="currentColor"
                      focusable="false"
                      height="1em"
                      viewBox="64 64 896 896"
                      width="1em"
                    >
                      <path
                        d="M908.1 353.1l-253.9-36.9L540.7 86.1c-3.1-6.3-8.2-11.4-14.5-14.5-15.8-7.8-35-1.3-42.9 14.5L369.8 316.2l-253.9 36.9c-7 1-13.4 4.3-18.3 9.3a32.05 32.05 0 0 0 .6 45.3l183.7 179.1-43.4 252.9a31.95 31.95 0 0 0 46.4 33.7L512 754l227.1 119.4c6.2 3.3 13.4 4.4 20.3 3.2 17.4-3 29.1-19.5 26.1-36.9l-43.4-252.9 183.7-179.1c5-4.9 8.3-11.3 9.3-18.3 2.7-17.5-9.5-33.7-27-36.3z"
                      />
                    </svg>
                  </i>
                </div>
                <div
                  class="ant-rate-star-second"
                >
                  <i
                    aria-label="icon: star"
                    class="anticon anticon-star"
                  >
                    <svg
                      aria-hidden="true"
                      class=""
                      data-icon="star"
                      fill="currentColor"
                      focusable="false"
                      height="1em"
                      viewBox="64 64 896 896"
                      width="1em"
                    >
                      <path
                        d="M908.1 353.1l-253.9-36.9L540.7 86.1c-3.1-6.3-8.2-11.4-14.5-14.5-15.8-7.8-35-1.3-42.9 14.5L369.8 316.2l-253.9 36.9c-7 1-13.4 4.3-18.3 9.3a32.05 32.05 0 0 0 .6 45.3l183.7 179.1-43.4 252.9a31.95 31.95 0 0 0 46.4 33.7L512 754l227.1 119.4c6.2 3.3 13.4 4.4 20.3 3.2 17.4-3 29.1-19.5 26.1-36.9l-43.4-252.9 183.7-179.1c5-4.9 8.3-11.3 9.3-18.3 2.7-17.5-9.5-33.7-27-36.3z"
                      />
                    </svg>
                  </i>
                </div>
              </div>
            </li>
            <li
              class="ant-rate-star ant-rate-star-zero"
            >
              <div
                aria-checked="false"
                aria-posinset="3"
                aria-setsize="5"
                role="radio"
                tabindex="0"
              >
                <div
                  class="ant-rate-star-first"
                >
                  <i
                    aria-label="icon: star"
                    class="anticon anticon-star"
                  >
                    <svg
                      aria-hidden="true"
                      class=""
                      data-icon="star"
                      fill="currentColor"
                      focusable="false"
                      height="1em"
                      viewBox="64 64 896 896"
                      width="1em"
                    >
                      <path
                        d="M908.1 353.1l-253.9-36.9L540.7 86.1c-3.1-6.3-8.2-11.4-14.5-14.5-15.8-7.8-35-1.3-42.9 14.5L369.8 316.2l-253.9 36.9c-7 1-13.4 4.3-18.3 9.3a32.05 32.05 0 0 0 .6 45.3l183.7 179.1-43.4 252.9a31.95 31.95 0 0 0 46.4 33.7L512 754l227.1 119.4c6.2 3.3 13.4 4.4 20.3 3.2 17.4-3 29.1-19.5 26.1-36.9l-43.4-252.9 183.7-179.1c5-4.9 8.3-11.3 9.3-18.3 2.7-17.5-9.5-33.7-27-36.3z"
                      />
                    </svg>
                  </i>
                </div>
                <div
                  class="ant-rate-star-second"
                >
                  <i
                    aria-label="icon: star"
                    class="anticon anticon-star"
                  >
                    <svg
                      aria-hidden="true"
                      class=""
                      data-icon="star"
                      fill="currentColor"
                      focusable="false"
                      height="1em"
                      viewBox="64 64 896 896"
                      width="1em"
                    >
                      <path
                        d="M908.1 353.1l-253.9-36.9L540.7 86.1c-3.1-6.3-8.2-11.4-14.5-14.5-15.8-7.8-35-1.3-42.9 14.5L369.8 316.2l-253.9 36.9c-7 1-13.4 4.3-18.3 9.3a32.05 32.05 0 0 0 .6 45.3l183.7 179.1-43.4 252.9a31.95 31.95 0 0 0 46.4 33.7L512 754l227.1 119.4c6.2 3.3 13.4 4.4 20.3 3.2 17.4-3 29.1-19.5 26.1-36.9l-43.4-252.9 183.7-179.1c5-4.9 8.3-11.3 9.3-18.3 2.7-17.5-9.5-33.7-27-36.3z"
                      />
                    </svg>
                  </i>
                </div>
              </div>
            </li>
            <li
              class="ant-rate-star ant-rate-star-zero"
            >
              <div
                aria-checked="false"
                aria-posinset="4"
                aria-setsize="5"
                role="radio"
                tabindex="0"
              >
                <div
                  class="ant-rate-star-first"
                >
                  <i
                    aria-label="icon: star"
                    class="anticon anticon-star"
                  >
                    <svg
                      aria-hidden="true"
                      class=""
                      data-icon="star"
                      fill="currentColor"
                      focusable="false"
                      height="1em"
                      viewBox="64 64 896 896"
                      width="1em"
                    >
                      <path
                        d="M908.1 353.1l-253.9-36.9L540.7 86.1c-3.1-6.3-8.2-11.4-14.5-14.5-15.8-7.8-35-1.3-42.9 14.5L369.8 316.2l-253.9 36.9c-7 1-13.4 4.3-18.3 9.3a32.05 32.05 0 0 0 .6 45.3l183.7 179.1-43.4 252.9a31.95 31.95 0 0 0 46.4 33.7L512 754l227.1 119.4c6.2 3.3 13.4 4.4 20.3 3.2 17.4-3 29.1-19.5 26.1-36.9l-43.4-252.9 183.7-179.1c5-4.9 8.3-11.3 9.3-18.3 2.7-17.5-9.5-33.7-27-36.3z"
                      />
                    </svg>
                  </i>
                </div>
                <div
                  class="ant-rate-star-second"
                >
                  <i
                    aria-label="icon: star"
                    class="anticon anticon-star"
                  >
                    <svg
                      aria-hidden="true"
                      class=""
                      data-icon="star"
                      fill="currentColor"
                      focusable="false"
                      height="1em"
                      viewBox="64 64 896 896"
                      width="1em"
                    >
                      <path
                        d="M908.1 353.1l-253.9-36.9L540.7 86.1c-3.1-6.3-8.2-11.4-14.5-14.5-15.8-7.8-35-1.3-42.9 14.5L369.8 316.2l-253.9 36.9c-7 1-13.4 4.3-18.3 9.3a32.05 32.05 0 0 0 .6 45.3l183.7 179.1-43.4 252.9a31.95 31.95 0 0 0 46.4 33.7L512 754l227.1 119.4c6.2 3.3 13.4 4.4 20.3 3.2 17.4-3 29.1-19.5 26.1-36.9l-43.4-252.9 183.7-179.1c5-4.9 8.3-11.3 9.3-18.3 2.7-17.5-9.5-33.7-27-36.3z"
                      />
                    </svg>
                  </i>
                </div>
              </div>
            </li>
            <li
              class="ant-rate-star ant-rate-star-zero"
            >
              <div
                aria-checked="false"
                aria-posinset="5"
                aria-setsize="5"
                role="radio"
                tabindex="0"
              >
                <div
                  class="ant-rate-star-first"
                >
                  <i
                    aria-label="icon: star"
                    class="anticon anticon-star"
                  >
                    <svg
                      aria-hidden="true"
                      class=""
                      data-icon="star"
                      fill="currentColor"
                      focusable="false"
                      height="1em"
                      viewBox="64 64 896 896"
                      width="1em"
                    >
                      <path
                        d="M908.1 353.1l-253.9-36.9L540.7 86.1c-3.1-6.3-8.2-11.4-14.5-14.5-15.8-7.8-35-1.3-42.9 14.5L369.8 316.2l-253.9 36.9c-7 1-13.4 4.3-18.3 9.3a32.05 32.05 0 0 0 .6 45.3l183.7 179.1-43.4 252.9a31.95 31.95 0 0 0 46.4 33.7L512 754l227.1 119.4c6.2 3.3 13.4 4.4 20.3 3.2 17.4-3 29.1-19.5 26.1-36.9l-43.4-252.9 183.7-179.1c5-4.9 8.3-11.3 9.3-18.3 2.7-17.5-9.5-33.7-27-36.3z"
                      />
                    </svg>
                  </i>
                </div>
                <div
                  class="ant-rate-star-second"
                >
                  <i
                    aria-label="icon: star"
                    class="anticon anticon-star"
                  >
                    <svg
                      aria-hidden="true"
                      class=""
                      data-icon="star"
                      fill="currentColor"
                      focusable="false"
                      height="1em"
                      viewBox="64 64 896 896"
                      width="1em"
                    >
                      <path
                        d="M908.1 353.1l-253.9-36.9L540.7 86.1c-3.1-6.3-8.2-11.4-14.5-14.5-15.8-7.8-35-1.3-42.9 14.5L369.8 316.2l-253.9 36.9c-7 1-13.4 4.3-18.3 9.3a32.05 32.05 0 0 0 .6 45.3l183.7 179.1-43.4 252.9a31.95 31.95 0 0 0 46.4 33.7L512 754l227.1 119.4c6.2 3.3 13.4 4.4 20.3 3.2 17.4-3 29.1-19.5 26.1-36.9l-43.4-252.9 183.7-179.1c5-4.9 8.3-11.3 9.3-18.3 2.7-17.5-9.5-33.7-27-36.3z"
                      />
                    </svg>
                  </i>
                </div>
              </div>
            </li>
          </ul>
        </div>
        <p
          class="book-description"
          data-testid="book-description"
        >
          Build real-time responsive web apps using React and BootstrapAbout This Book* Showcase the power of React-Bootstrap through real-world examples* Explo...
        </p>
        <div
          class="ant-radio-group ant-radio-group-outline ant-radio-group-small book-select"
        >
          <label
            class="ant-radio-button-wrapper ant-radio-button-wrapper-checked"
          >
            <span
              class="ant-radio-button ant-radio-button-checked"
            >
              <input
                checked=""
                class="ant-radio-button-input"
                type="radio"
                value="currentlyReading"
              />
              <span
                class="ant-radio-button-inner"
              />
            </span>
            <span>
              Reading
            </span>
          </label>
          <label
            class="ant-radio-button-wrapper"
          >
            <span
              class="ant-radio-button"
            >
              <input
                class="ant-radio-button-input"
                type="radio"
                value="wantToRead"
              />
              <span
                class="ant-radio-button-inner"
              />
            </span>
            <span>
              Want to read
            </span>
          </label>
          <label
            class="ant-radio-button-wrapper"
          >
            <span
              class="ant-radio-button"
            >
              <input
                class="ant-radio-button-input"
                type="radio"
                value="read"
              />
              <span
                class="ant-radio-button-inner"
              />
            </span>
            <span>
              Read
            </span>
          </label>
        </div>
      </div>
      <ul
        class="ant-card-actions"
      >
        <li
          style="width: 50%;"
        >
          <span>
            <a
              data-testid="book-info-preview"
              href="http://books.google.com/books?id=sJf1vQAACAAJ&dq=redux+react&hl=&cd=6&source=gbs_api"
              target="_blank"
            >
              <i
                aria-label="icon: info-circle"
                class="anticon anticon-info-circle"
              >
                <svg
                  aria-hidden="true"
                  class=""
                  data-icon="info-circle"
                  fill="currentColor"
                  focusable="false"
                  height="1em"
                  viewBox="64 64 896 896"
                  width="1em"
                >
                  <path
                    d="M512 64C264.6 64 64 264.6 64 512s200.6 448 448 448 448-200.6 448-448S759.4 64 512 64zm0 820c-205.4 0-372-166.6-372-372s166.6-372 372-372 372 166.6 372 372-166.6 372-372 372z"
                  />
                  <path
                    d="M464 336a48 48 0 1 0 96 0 48 48 0 1 0-96 0zm72 112h-48c-4.4 0-8 3.6-8 8v272c0 4.4 3.6 8 8 8h48c4.4 0 8-3.6 8-8V456c0-4.4-3.6-8-8-8z"
                  />
                </svg>
              </i>
            </a>
          </span>
        </li>
        <li
          style="width: 50%;"
        >
          <span>
            <i
              aria-label="icon: delete"
              class="anticon anticon-delete"
              data-testid="btn-delete"
              tabindex="-1"
            >
              <svg
                aria-hidden="true"
                class=""
                data-icon="delete"
                fill="currentColor"
                focusable="false"
                height="1em"
                viewBox="64 64 896 896"
                width="1em"
              >
                <path
                  d="M360 184h-8c4.4 0 8-3.6 8-8v8h304v-8c0 4.4 3.6 8 8 8h-8v72h72v-80c0-35.3-28.7-64-64-64H352c-35.3 0-64 28.7-64 64v80h72v-72zm504 72H160c-17.7 0-32 14.3-32 32v32c0 4.4 3.6 8 8 8h60.4l24.7 523c1.6 34.1 29.8 61 63.9 61h454c34.2 0 62.3-26.8 63.9-61l24.7-523H888c4.4 0 8-3.6 8-8v-32c0-17.7-14.3-32-32-32zM731.3 840H292.7l-24.2-512h487l-24.2 512z"
                />
              </svg>
            </i>
          </span>
        </li>
      </ul>
    </div>
  </div>,
  "debug": [Function],
  "findAllByAltText": [Function],
  "findAllByDisplayValue": [Function],
  "findAllByLabelText": [Function],
  "findAllByPlaceholderText": [Function],
  "findAllByRole": [Function],
  "findAllByTestId": [Function],
  "findAllByText": [Function],
  "findAllByTitle": [Function],
  "findByAltText": [Function],
  "findByDisplayValue": [Function],
  "findByLabelText": [Function],
  "findByPlaceholderText": [Function],
  "findByRole": [Function],
  "findByTestId": [Function],
  "findByText": [Function],
  "findByTitle": [Function],
  "getAllByAltText": [Function],
  "getAllByDisplayValue": [Function],
  "getAllByLabelText": [Function],
  "getAllByPlaceholderText": [Function],
  "getAllByRole": [Function],
  "getAllByTestId": [Function],
  "getAllByText": [Function],
  "getAllByTitle": [Function],
  "getByAltText": [Function],
  "getByDisplayValue": [Function],
  "getByLabelText": [Function],
  "getByPlaceholderText": [Function],
  "getByRole": [Function],
  "getByTestId": [Function],
  "getByText": [Function],
  "getByTitle": [Function],
  "queryAllByAltText": [Function],
  "queryAllByDisplayValue": [Function],
  "queryAllByLabelText": [Function],
  "queryAllByPlaceholderText": [Function],
  "queryAllByRole": [Function],
  "queryAllByTestId": [Function],
  "queryAllByText": [Function],
  "queryAllByTitle": [Function],
  "queryByAltText": [Function],
  "queryByDisplayValue": [Function],
  "queryByLabelText": [Function],
  "queryByPlaceholderText": [Function],
  "queryByRole": [Function],
  "queryByTestId": [Function],
  "queryByText": [Function],
  "queryByTitle": [Function],
  "rerender": [Function],
  "unmount": [Function],
}
`;
